   Compiling proc-macro2 v1.0.86
   Compiling unicode-ident v1.0.13
   Compiling libc v0.2.158
   Compiling cfg-if v1.0.0
   Compiling autocfg v1.3.0
   Compiling pin-project-lite v0.2.14
   Compiling byteorder v1.5.0
   Compiling bytes v1.7.2
   Compiling parking_lot_core v0.9.10
   Compiling smallvec v1.13.2
   Compiling once_cell v1.20.0
   Compiling scopeguard v1.2.0
   Compiling futures-core v0.3.30
   Compiling futures-sink v0.3.30
   Compiling either v1.13.0
   Compiling version_check v0.9.5
   Compiling memchr v2.7.4
   Compiling lock_api v0.4.12
   Compiling slab v0.4.9
   Compiling itertools v0.12.1
   Compiling ahash v0.8.11
   Compiling futures-channel v0.3.30
   Compiling pin-utils v0.1.0
   Compiling rustix v0.38.37
   Compiling futures-io v0.3.30
   Compiling futures-task v0.3.30
   Compiling log v0.4.22
   Compiling tracing-core v0.1.32
   Compiling prettyplease v0.2.22
   Compiling rustversion v1.0.17
   Compiling anyhow v1.0.88
error: failed to run custom build command for `lock_api v0.4.12`

Caused by:
  process didn't exit successfully: `/Users/dimmaonubogu/ifesi_sangria/sangria/target/release/build/lock_api-7ad268c01bd49f9e/build-script-build` (signal: 9, SIGKILL: kill)
warning: build failed, waiting for other jobs to finish...
error: failed to run custom build command for `slab v0.4.9`

Caused by:
  process didn't exit successfully: `/Users/dimmaonubogu/ifesi_sangria/sangria/target/release/build/slab-ac62335c2cfc1be7/build-script-build` (signal: 9, SIGKILL: kill)
